// Jest Snapshot v1, https://goo.gl/fbAQLP

exports[`PlayerEdit Component PlayerComponent snapshots matches PlayerDetails snapshot 1`] = `
<DocumentFragment>
  <button
    class="btn btn-light"
    type="button"
  >
    <svg
      fill="currentColor"
      height="1em"
      stroke="currentColor"
      stroke-width="0"
      viewBox="0 0 448 512"
      width="1em"
      xmlns="http://www.w3.org/2000/svg"
    >
      <path
        d="M257.5 445.1l-22.2 22.2c-9.4 9.4-24.6 9.4-33.9 0L7 273c-9.4-9.4-9.4-24.6 0-33.9L201.4 44.7c9.4-9.4 24.6-9.4 33.9 0l22.2 22.2c9.5 9.5 9.3 25-.4 34.3L136.6 216H424c13.3 0 24 10.7 24 24v32c0 13.3-10.7 24-24 24H136.6l120.5 114.8c9.8 9.3 10 24.8.4 34.3z"
      />
    </svg>
     Back to all players
  </button>
  <div
    class="card card1"
  >
    <div
      class="card-body card-body1"
    >
      <h5
        class="card-title card-title1"
      />
      <div
        class="card-text card-text1"
      >
        <h2 />
        <div
          class="row"
        >
          <div
            class="col-7"
          >
            <div
              class="float-start"
            >
              <div
                class="row"
              >
                <div
                  class="card card4 "
                >
                  <div
                    class="card-body card-body4 "
                  >
                    <h5
                      class="card-title card-title4"
                    />
                    <div
                      class="card-content card-content4"
                    >
                      <div />
                      <div
                        class="row"
                      >
                        <div
                          class="col"
                        >
                          <div
                            class="float-start"
                          />
                        </div>
                      </div>
                    </div>
                  </div>
                </div>
              </div>
            </div>
          </div>
          <div
            class="col-3"
          >
            <div
              class="float-start"
            >
              <div
                class="row"
              >
                <div
                  class="card card2 "
                >
                  <div
                    class="card-body card-body2 "
                  >
                    <h5
                      class="card-title card-title2"
                    />
                    <div
                      class="card-content card-content2"
                    >
                      <div
                        class="col-11"
                      >
                        <div
                          class="float-start"
                        >
                          <div
                            class="card card4 "
                          >
                            <div
                              class="card-body card-body4 "
                            >
                              <h5
                                class="card-title card-title4"
                              />
                              <div
                                class="card-content card-content4"
                              >
                                <p>
                                  <b>
                                    Birth date:
                                  </b>
                                   19.11.2024
                                </p>
                                <p>
                                  <b>
                                    Height:
                                  </b>
                                   0 cm
                                </p>
                              </div>
                            </div>
                          </div>
                        </div>
                      </div>
                    </div>
                  </div>
                </div>
              </div>
            </div>
          </div>
        </div>
        <div
          class="card card1"
        >
          <div
            class="card-body card-body1"
          >
            <h5
              class="card-title card-title1"
            >
              Page History
            </h5>
            <div
              class="card-text card-text1"
            >
              <div
                style="margin-left: 60px; display: flex; width: 1080px; justify-content: space-evenly; align-items: center;"
              >
                <div
                  style="display: flex; justify-content: space-evenly; width: 100%;"
                >
                  <p
                    style="flex: 1; text-align: left; margin-right: 20px;"
                  >
                    Laget av: Unknown, 19.11.2024
                  </p>
                  <p
                    style="flex: 1; text-align: center; margin-right: 20px;"
                  >
                    Sist oppdatert av: Denne siden har ikke blitt revidert enda19.11.2024
                  </p>
                  <p
                    style="flex: 1; text-align: right;"
                  >
                    View count: 0
                  </p>
                </div>
              </div>
            </div>
          </div>
        </div>
      </div>
    </div>
  </div>
  <div
    style="margin-top: 20px;"
  >
    <h3>
      Tags for 
    </h3>
    <p>
      No tags available for this player.
    </p>
  </div>
  <div
    class="card card1"
  >
    <div
      class="card-body card-body1"
    >
      <h5
        class="card-title card-title1"
      >
        Comments
      </h5>
      <div
        class="card-text card-text1"
      />
    </div>
  </div>
</DocumentFragment>
`;
